<?xml version="1.0" encoding="UTF-8"?>
<TestRun id="b583bd9a-8f13-47ed-8526-4eac71acd426" name="WORKGROUP@WORKGROUP-ПК 2013-03-18 11:16:37" runUser="WORKGROUP-ПК\WORKGROUP" xmlns="http://microsoft.com/schemas/VisualStudio/TeamTest/2010">
  <TestSettings name="Параметры тестирования по умолчанию" id="7b5b52c9-79a8-4030-b233-598e32943fe3">
    <Execution>
      <TestTypeSpecific />
      <AgentRule name="Execution Agents">
      </AgentRule>
    </Execution>
    <Deployment runDeploymentRoot="WORKGROUP_WORKGROUP-ПК 2013-03-18 11_16_37" />
  </TestSettings>
  <Times creation="2013-03-18T11:16:37.7235803+07:00" queuing="2013-03-18T11:16:38.6796350+07:00" start="2013-03-18T11:16:38.9256491+07:00" finish="2013-03-18T11:16:40.6997506+07:00" />
  <ResultSummary outcome="Completed">
    <Counters total="7" executed="7" passed="7" error="0" failed="0" timeout="0" aborted="0" inconclusive="0" passedButRunAborted="0" notRunnable="0" notExecuted="0" disconnected="0" warning="0" completed="0" inProgress="0" pending="0" />
  </ResultSummary>
  <TestDefinitions>
    <UnitTest name="GetAreaTest" storage="buildartifacts\\testproject1.dll" id="e86269fc-6bfe-4ee7-551b-b1c0344446ec">
      <Execution id="4ee9f31f-918d-4729-8f37-ee4290378935" />
      <TestMethod codeBase="c:/Учеба/2 семестр/ТХЯ/UnitTests/BuildArtifacts/TestProject1.DLL" adapterTypeName="Microsoft.VisualStudio.TestTools.TestTypes.Unit.UnitTestAdapter, Microsoft.VisualStudio.QualityTools.Tips.UnitTest.Adapter, Version=10.0.0.0, Culture=neutral, PublicKeyToken=b03f5f7f11d50a3a" className="TestProject1.CylinderTest, TestProject1, Version=1.0.0.0, Culture=neutral, PublicKeyToken=null" name="GetAreaTest" />
    </UnitTest>
    <UnitTest name="HeigthTest" storage="buildartifacts\\testproject1.dll" id="8296f8f6-c48e-8749-e508-51c5a1c2102a">
      <Execution id="66e3e35e-1e24-47be-b76e-d83ec7cbf525" />
      <TestMethod codeBase="c:/Учеба/2 семестр/ТХЯ/UnitTests/BuildArtifacts/TestProject1.DLL" adapterTypeName="Microsoft.VisualStudio.TestTools.TestTypes.Unit.UnitTestAdapter, Microsoft.VisualStudio.QualityTools.Tips.UnitTest.Adapter, Version=10.0.0.0, Culture=neutral, PublicKeyToken=b03f5f7f11d50a3a" className="TestProject1.CylinderTest, TestProject1, Version=1.0.0.0, Culture=neutral, PublicKeyToken=null" name="HeigthTest" />
    </UnitTest>
    <UnitTest name="CylinderConstructorTest1" storage="buildartifacts\\testproject1.dll" id="b80659c6-c9be-0d9d-2d70-1452362d89a5">
      <Execution id="53e1fd64-7cee-4844-917a-17be617db82b" />
      <TestMethod codeBase="c:/Учеба/2 семестр/ТХЯ/UnitTests/BuildArtifacts/TestProject1.DLL" adapterTypeName="Microsoft.VisualStudio.TestTools.TestTypes.Unit.UnitTestAdapter, Microsoft.VisualStudio.QualityTools.Tips.UnitTest.Adapter, Version=10.0.0.0, Culture=neutral, PublicKeyToken=b03f5f7f11d50a3a" className="TestProject1.CylinderTest, TestProject1, Version=1.0.0.0, Culture=neutral, PublicKeyToken=null" name="CylinderConstructorTest1" />
    </UnitTest>
    <UnitTest name="RadiusTest" storage="buildartifacts\\testproject1.dll" id="47f57222-81d7-74ea-bee6-4e8c5653e57d">
      <Execution id="cdbdffef-a873-4127-b582-c091ab6b0399" />
      <TestMethod codeBase="c:/Учеба/2 семестр/ТХЯ/UnitTests/BuildArtifacts/TestProject1.DLL" adapterTypeName="Microsoft.VisualStudio.TestTools.TestTypes.Unit.UnitTestAdapter, Microsoft.VisualStudio.QualityTools.Tips.UnitTest.Adapter, Version=10.0.0.0, Culture=neutral, PublicKeyToken=b03f5f7f11d50a3a" className="TestProject1.CylinderTest, TestProject1, Version=1.0.0.0, Culture=neutral, PublicKeyToken=null" name="RadiusTest" />
    </UnitTest>
    <UnitTest name="GetDiametrTest" storage="buildartifacts\\testproject1.dll" id="830d1892-e3e8-4b23-a8e5-832f1f54e2f9">
      <Execution id="669b5f23-1bd5-4ddc-ac03-05f0a2809cda" />
      <TestMethod codeBase="c:/Учеба/2 семестр/ТХЯ/UnitTests/BuildArtifacts/TestProject1.DLL" adapterTypeName="Microsoft.VisualStudio.TestTools.TestTypes.Unit.UnitTestAdapter, Microsoft.VisualStudio.QualityTools.Tips.UnitTest.Adapter, Version=10.0.0.0, Culture=neutral, PublicKeyToken=b03f5f7f11d50a3a" className="TestProject1.CylinderTest, TestProject1, Version=1.0.0.0, Culture=neutral, PublicKeyToken=null" name="GetDiametrTest" />
    </UnitTest>
    <UnitTest name="CylinderConstructorTest" storage="buildartifacts\\testproject1.dll" id="aee924af-f119-7877-ebae-d70f2d2386ca">
      <Execution id="c08bdedc-f208-47e9-9b7a-6f1b0290b718" />
      <TestMethod codeBase="c:/Учеба/2 семестр/ТХЯ/UnitTests/BuildArtifacts/TestProject1.DLL" adapterTypeName="Microsoft.VisualStudio.TestTools.TestTypes.Unit.UnitTestAdapter, Microsoft.VisualStudio.QualityTools.Tips.UnitTest.Adapter, Version=10.0.0.0, Culture=neutral, PublicKeyToken=b03f5f7f11d50a3a" className="TestProject1.CylinderTest, TestProject1, Version=1.0.0.0, Culture=neutral, PublicKeyToken=null" name="CylinderConstructorTest" />
    </UnitTest>
    <UnitTest name="GetVolumeTest" storage="buildartifacts\\testproject1.dll" id="cf65de78-94f4-fde4-1afc-610506c22c14">
      <Execution id="5b915383-d161-4f73-b478-0e471a9a35ad" />
      <TestMethod codeBase="c:/Учеба/2 семестр/ТХЯ/UnitTests/BuildArtifacts/TestProject1.DLL" adapterTypeName="Microsoft.VisualStudio.TestTools.TestTypes.Unit.UnitTestAdapter, Microsoft.VisualStudio.QualityTools.Tips.UnitTest.Adapter, Version=10.0.0.0, Culture=neutral, PublicKeyToken=b03f5f7f11d50a3a" className="TestProject1.CylinderTest, TestProject1, Version=1.0.0.0, Culture=neutral, PublicKeyToken=null" name="GetVolumeTest" />
    </UnitTest>
  </TestDefinitions>
  <TestLists>
    <TestList name="Отсутствующие в списке результаты" id="8c84fa94-04c1-424b-9868-57a2d4851a1d" />
    <TestList name="Все загруженные результаты" id="19431567-8539-422a-85d7-44ee4e166bda" />
  </TestLists>
  <TestEntries>
    <TestEntry testId="aee924af-f119-7877-ebae-d70f2d2386ca" executionId="c08bdedc-f208-47e9-9b7a-6f1b0290b718" testListId="8c84fa94-04c1-424b-9868-57a2d4851a1d" />
    <TestEntry testId="b80659c6-c9be-0d9d-2d70-1452362d89a5" executionId="53e1fd64-7cee-4844-917a-17be617db82b" testListId="8c84fa94-04c1-424b-9868-57a2d4851a1d" />
    <TestEntry testId="e86269fc-6bfe-4ee7-551b-b1c0344446ec" executionId="4ee9f31f-918d-4729-8f37-ee4290378935" testListId="8c84fa94-04c1-424b-9868-57a2d4851a1d" />
    <TestEntry testId="830d1892-e3e8-4b23-a8e5-832f1f54e2f9" executionId="669b5f23-1bd5-4ddc-ac03-05f0a2809cda" testListId="8c84fa94-04c1-424b-9868-57a2d4851a1d" />
    <TestEntry testId="cf65de78-94f4-fde4-1afc-610506c22c14" executionId="5b915383-d161-4f73-b478-0e471a9a35ad" testListId="8c84fa94-04c1-424b-9868-57a2d4851a1d" />
    <TestEntry testId="8296f8f6-c48e-8749-e508-51c5a1c2102a" executionId="66e3e35e-1e24-47be-b76e-d83ec7cbf525" testListId="8c84fa94-04c1-424b-9868-57a2d4851a1d" />
    <TestEntry testId="47f57222-81d7-74ea-bee6-4e8c5653e57d" executionId="cdbdffef-a873-4127-b582-c091ab6b0399" testListId="8c84fa94-04c1-424b-9868-57a2d4851a1d" />
  </TestEntries>
  <Results>
    <UnitTestResult executionId="c08bdedc-f208-47e9-9b7a-6f1b0290b718" testId="aee924af-f119-7877-ebae-d70f2d2386ca" testName="CylinderConstructorTest" computerName="WORKGROUP-ПК" duration="00:00:00.0731382" startTime="2013-03-18T11:16:38.9776521+07:00" endTime="2013-03-18T11:16:40.3367298+07:00" testType="13cdc9d9-ddb5-4fa4-a97d-d965ccfc6d4b" outcome="Passed" testListId="8c84fa94-04c1-424b-9868-57a2d4851a1d" relativeResultsDirectory="c08bdedc-f208-47e9-9b7a-6f1b0290b718">
    </UnitTestResult>
    <UnitTestResult executionId="53e1fd64-7cee-4844-917a-17be617db82b" testId="b80659c6-c9be-0d9d-2d70-1452362d89a5" testName="CylinderConstructorTest1" computerName="WORKGROUP-ПК" duration="00:00:00.0021723" startTime="2013-03-18T11:16:40.3627313+07:00" endTime="2013-03-18T11:16:40.3897328+07:00" testType="13cdc9d9-ddb5-4fa4-a97d-d965ccfc6d4b" outcome="Passed" testListId="8c84fa94-04c1-424b-9868-57a2d4851a1d" relativeResultsDirectory="53e1fd64-7cee-4844-917a-17be617db82b">
    </UnitTestResult>
    <UnitTestResult executionId="4ee9f31f-918d-4729-8f37-ee4290378935" testId="e86269fc-6bfe-4ee7-551b-b1c0344446ec" testName="GetAreaTest" computerName="WORKGROUP-ПК" duration="00:00:00.0015824" startTime="2013-03-18T11:16:40.4157343+07:00" endTime="2013-03-18T11:16:40.4437359+07:00" testType="13cdc9d9-ddb5-4fa4-a97d-d965ccfc6d4b" outcome="Passed" testListId="8c84fa94-04c1-424b-9868-57a2d4851a1d" relativeResultsDirectory="4ee9f31f-918d-4729-8f37-ee4290378935">
    </UnitTestResult>
    <UnitTestResult executionId="669b5f23-1bd5-4ddc-ac03-05f0a2809cda" testId="830d1892-e3e8-4b23-a8e5-832f1f54e2f9" testName="GetDiametrTest" computerName="WORKGROUP-ПК" duration="00:00:00.0033228" startTime="2013-03-18T11:16:40.4587368+07:00" endTime="2013-03-18T11:16:40.5027393+07:00" testType="13cdc9d9-ddb5-4fa4-a97d-d965ccfc6d4b" outcome="Passed" testListId="8c84fa94-04c1-424b-9868-57a2d4851a1d" relativeResultsDirectory="669b5f23-1bd5-4ddc-ac03-05f0a2809cda">
    </UnitTestResult>
    <UnitTestResult executionId="5b915383-d161-4f73-b478-0e471a9a35ad" testId="cf65de78-94f4-fde4-1afc-610506c22c14" testName="GetVolumeTest" computerName="WORKGROUP-ПК" duration="00:00:00.0010241" startTime="2013-03-18T11:16:40.5167401+07:00" endTime="2013-03-18T11:16:40.5387413+07:00" testType="13cdc9d9-ddb5-4fa4-a97d-d965ccfc6d4b" outcome="Passed" testListId="8c84fa94-04c1-424b-9868-57a2d4851a1d" relativeResultsDirectory="5b915383-d161-4f73-b478-0e471a9a35ad">
    </UnitTestResult>
    <UnitTestResult executionId="66e3e35e-1e24-47be-b76e-d83ec7cbf525" testId="8296f8f6-c48e-8749-e508-51c5a1c2102a" testName="HeigthTest" computerName="WORKGROUP-ПК" duration="00:00:00.0010123" startTime="2013-03-18T11:16:40.5577424+07:00" endTime="2013-03-18T11:16:40.5787436+07:00" testType="13cdc9d9-ddb5-4fa4-a97d-d965ccfc6d4b" outcome="Passed" testListId="8c84fa94-04c1-424b-9868-57a2d4851a1d" relativeResultsDirectory="66e3e35e-1e24-47be-b76e-d83ec7cbf525">
    </UnitTestResult>
    <UnitTestResult executionId="cdbdffef-a873-4127-b582-c091ab6b0399" testId="47f57222-81d7-74ea-bee6-4e8c5653e57d" testName="RadiusTest" computerName="WORKGROUP-ПК" duration="00:00:00.0009949" startTime="2013-03-18T11:16:40.5977447+07:00" endTime="2013-03-18T11:16:40.6177459+07:00" testType="13cdc9d9-ddb5-4fa4-a97d-d965ccfc6d4b" outcome="Passed" testListId="8c84fa94-04c1-424b-9868-57a2d4851a1d" relativeResultsDirectory="cdbdffef-a873-4127-b582-c091ab6b0399">
    </UnitTestResult>
  </Results>
</TestRun>